7 -6 22 2 true truetruefalsetrue truefalsefalsefalsefalsetrue truetruetruetruetruetruetruetrue